// Jest Snapshot v1, https://goo.gl/fbAQLP

exports[`testing component render match the snapshot 1`] = `"<h1>Hello, FED26!</h1>"`;
